objc[83948]: Class SDLApplication is implemented in both /Users/angelicmcpherson/anaconda3/envs/cenv/lib/python3.11/site-packages/cv2/.dylibs/libSDL2-2.0.0.dylib (0x1535d4890) and /Users/angelicmcpherson/anaconda3/envs/cenv/lib/python3.11/site-packages/pygame/.dylibs/libSDL2-2.0.0.dylib (0x154e412c8). This may cause spurious casting failures and mysterious crashes. One of the duplicates must be removed or renamed.
objc[83948]: Class SDLAppDelegate is implemented in both /Users/angelicmcpherson/anaconda3/envs/cenv/lib/python3.11/site-packages/cv2/.dylibs/libSDL2-2.0.0.dylib (0x1535d48e0) and /Users/angelicmcpherson/anaconda3/envs/cenv/lib/python3.11/site-packages/pygame/.dylibs/libSDL2-2.0.0.dylib (0x154e41318). This may cause spurious casting failures and mysterious crashes. One of the duplicates must be removed or renamed.
objc[83948]: Class SDLTranslatorResponder is implemented in both /Users/angelicmcpherson/anaconda3/envs/cenv/lib/python3.11/site-packages/cv2/.dylibs/libSDL2-2.0.0.dylib (0x1535d4958) and /Users/angelicmcpherson/anaconda3/envs/cenv/lib/python3.11/site-packages/pygame/.dylibs/libSDL2-2.0.0.dylib (0x154e41390). This may cause spurious casting failures and mysterious crashes. One of the duplicates must be removed or renamed.
objc[83948]: Class SDLMessageBoxPresenter is implemented in both /Users/angelicmcpherson/anaconda3/envs/cenv/lib/python3.11/site-packages/cv2/.dylibs/libSDL2-2.0.0.dylib (0x1535d4980) and /Users/angelicmcpherson/anaconda3/envs/cenv/lib/python3.11/site-packages/pygame/.dylibs/libSDL2-2.0.0.dylib (0x154e413b8). This may cause spurious casting failures and mysterious crashes. One of the duplicates must be removed or renamed.
objc[83948]: Class SDL_cocoametalview is implemented in both /Users/angelicmcpherson/anaconda3/envs/cenv/lib/python3.11/site-packages/cv2/.dylibs/libSDL2-2.0.0.dylib (0x1535d49d0) and /Users/angelicmcpherson/anaconda3/envs/cenv/lib/python3.11/site-packages/pygame/.dylibs/libSDL2-2.0.0.dylib (0x154e41408). This may cause spurious casting failures and mysterious crashes. One of the duplicates must be removed or renamed.
objc[83948]: Class SDLOpenGLContext is implemented in both /Users/angelicmcpherson/anaconda3/envs/cenv/lib/python3.11/site-packages/cv2/.dylibs/libSDL2-2.0.0.dylib (0x1535d4a20) and /Users/angelicmcpherson/anaconda3/envs/cenv/lib/python3.11/site-packages/pygame/.dylibs/libSDL2-2.0.0.dylib (0x154e41458). This may cause spurious casting failures and mysterious crashes. One of the duplicates must be removed or renamed.
objc[83948]: Class SDL_ShapeData is implemented in both /Users/angelicmcpherson/anaconda3/envs/cenv/lib/python3.11/site-packages/cv2/.dylibs/libSDL2-2.0.0.dylib (0x1535d4a98) and /Users/angelicmcpherson/anaconda3/envs/cenv/lib/python3.11/site-packages/pygame/.dylibs/libSDL2-2.0.0.dylib (0x154e414d0). This may cause spurious casting failures and mysterious crashes. One of the duplicates must be removed or renamed.
objc[83948]: Class SDL_CocoaClosure is implemented in both /Users/angelicmcpherson/anaconda3/envs/cenv/lib/python3.11/site-packages/cv2/.dylibs/libSDL2-2.0.0.dylib (0x1535d4ae8) and /Users/angelicmcpherson/anaconda3/envs/cenv/lib/python3.11/site-packages/pygame/.dylibs/libSDL2-2.0.0.dylib (0x154e41520). This may cause spurious casting failures and mysterious crashes. One of the duplicates must be removed or renamed.
objc[83948]: Class SDL_VideoData is implemented in both /Users/angelicmcpherson/anaconda3/envs/cenv/lib/python3.11/site-packages/cv2/.dylibs/libSDL2-2.0.0.dylib (0x1535d4b38) and /Users/angelicmcpherson/anaconda3/envs/cenv/lib/python3.11/site-packages/pygame/.dylibs/libSDL2-2.0.0.dylib (0x154e41570). This may cause spurious casting failures and mysterious crashes. One of the duplicates must be removed or renamed.
objc[83948]: Class SDL_WindowData is implemented in both /Users/angelicmcpherson/anaconda3/envs/cenv/lib/python3.11/site-packages/cv2/.dylibs/libSDL2-2.0.0.dylib (0x1535d4b88) and /Users/angelicmcpherson/anaconda3/envs/cenv/lib/python3.11/site-packages/pygame/.dylibs/libSDL2-2.0.0.dylib (0x154e415c0). This may cause spurious casting failures and mysterious crashes. One of the duplicates must be removed or renamed.
objc[83948]: Class SDLWindow is implemented in both /Users/angelicmcpherson/anaconda3/envs/cenv/lib/python3.11/site-packages/cv2/.dylibs/libSDL2-2.0.0.dylib (0x1535d4bb0) and /Users/angelicmcpherson/anaconda3/envs/cenv/lib/python3.11/site-packages/pygame/.dylibs/libSDL2-2.0.0.dylib (0x154e415e8). This may cause spurious casting failures and mysterious crashes. One of the duplicates must be removed or renamed.
objc[83948]: Class Cocoa_WindowListener is implemented in both /Users/angelicmcpherson/anaconda3/envs/cenv/lib/python3.11/site-packages/cv2/.dylibs/libSDL2-2.0.0.dylib (0x1535d4bd8) and /Users/angelicmcpherson/anaconda3/envs/cenv/lib/python3.11/site-packages/pygame/.dylibs/libSDL2-2.0.0.dylib (0x154e41610). This may cause spurious casting failures and mysterious crashes. One of the duplicates must be removed or renamed.
objc[83948]: Class SDLView is implemented in both /Users/angelicmcpherson/anaconda3/envs/cenv/lib/python3.11/site-packages/cv2/.dylibs/libSDL2-2.0.0.dylib (0x1535d4c50) and /Users/angelicmcpherson/anaconda3/envs/cenv/lib/python3.11/site-packages/pygame/.dylibs/libSDL2-2.0.0.dylib (0x154e41688). This may cause spurious casting failures and mysterious crashes. One of the duplicates must be removed or renamed.
objc[83948]: Class METAL_RenderData is implemented in both /Users/angelicmcpherson/anaconda3/envs/cenv/lib/python3.11/site-packages/cv2/.dylibs/libSDL2-2.0.0.dylib (0x1535d4cc8) and /Users/angelicmcpherson/anaconda3/envs/cenv/lib/python3.11/site-packages/pygame/.dylibs/libSDL2-2.0.0.dylib (0x154e41700). This may cause spurious casting failures and mysterious crashes. One of the duplicates must be removed or renamed.
objc[83948]: Class METAL_TextureData is implemented in both /Users/angelicmcpherson/anaconda3/envs/cenv/lib/python3.11/site-packages/cv2/.dylibs/libSDL2-2.0.0.dylib (0x1535d4d18) and /Users/angelicmcpherson/anaconda3/envs/cenv/lib/python3.11/site-packages/pygame/.dylibs/libSDL2-2.0.0.dylib (0x154e41750). This may cause spurious casting failures and mysterious crashes. One of the duplicates must be removed or renamed.
objc[83948]: Class SDL_RumbleMotor is implemented in both /Users/angelicmcpherson/anaconda3/envs/cenv/lib/python3.11/site-packages/cv2/.dylibs/libSDL2-2.0.0.dylib (0x1535d4d40) and /Users/angelicmcpherson/anaconda3/envs/cenv/lib/python3.11/site-packages/pygame/.dylibs/libSDL2-2.0.0.dylib (0x154e41778). This may cause spurious casting failures and mysterious crashes. One of the duplicates must be removed or renamed.
objc[83948]: Class SDL_RumbleContext is implemented in both /Users/angelicmcpherson/anaconda3/envs/cenv/lib/python3.11/site-packages/cv2/.dylibs/libSDL2-2.0.0.dylib (0x1535d4d90) and /Users/angelicmcpherson/anaconda3/envs/cenv/lib/python3.11/site-packages/pygame/.dylibs/libSDL2-2.0.0.dylib (0x154e417c8). This may cause spurious casting failures and mysterious crashes. One of the duplicates must be removed or renamed.
/Users/angelicmcpherson/anaconda3/envs/cenv/lib/python3.11/site-packages/pygame/pkgdata.py:25: UserWarning: pkg_resources is deprecated as an API. See https://setuptools.pypa.io/en/latest/pkg_resources.html. The pkg_resources package is slated for removal as early as 2025-11-30. Refrain from using this package or pin to Setuptools<81.
  from pkg_resources import resource_stream, resource_exists
[train] concept_net=cbm  temporal=gru  supervision=online  freeze_concept=True  env=highway_state  seed=42
[train] output → results/highway_state/cbm_gru_online_frozen_highway_state_seed42
objc[83974]: Class SDLApplication is implemented in both /Users/angelicmcpherson/anaconda3/envs/cenv/lib/python3.11/site-packages/cv2/.dylibs/libSDL2-2.0.0.dylib (0x136dc0890) and /Users/angelicmcpherson/anaconda3/envs/cenv/lib/python3.11/site-packages/pygame/.dylibs/libSDL2-2.0.0.dylib (0x1392392c8). This may cause spurious casting failures and mysterious crashes. One of the duplicates must be removed or renamed.
objc[83974]: Class SDLAppDelegate is implemented in both /Users/angelicmcpherson/anaconda3/envs/cenv/lib/python3.11/site-packages/cv2/.dylibs/libSDL2-2.0.0.dylib (0x136dc08e0) and /Users/angelicmcpherson/anaconda3/envs/cenv/lib/python3.11/site-packages/pygame/.dylibs/libSDL2-2.0.0.dylib (0x139239318). This may cause spurious casting failures and mysterious crashes. One of the duplicates must be removed or renamed.
objc[83974]: Class SDLTranslatorResponder is implemented in both /Users/angelicmcpherson/anaconda3/envs/cenv/lib/python3.11/site-packages/cv2/.dylibs/libSDL2-2.0.0.dylib (0x136dc0958) and /Users/angelicmcpherson/anaconda3/envs/cenv/lib/python3.11/site-packages/pygame/.dylibs/libSDL2-2.0.0.dylib (0x139239390). This may cause spurious casting failures and mysterious crashes. One of the duplicates must be removed or renamed.
objc[83974]: Class SDLMessageBoxPresenter is implemented in both /Users/angelicmcpherson/anaconda3/envs/cenv/lib/python3.11/site-packages/cv2/.dylibs/libSDL2-2.0.0.dylib (0x136dc0980) and /Users/angelicmcpherson/anaconda3/envs/cenv/lib/python3.11/site-packages/pygame/.dylibs/libSDL2-2.0.0.dylib (0x1392393b8). This may cause spurious casting failures and mysterious crashes. One of the duplicates must be removed or renamed.
objc[83974]: Class SDL_cocoametalview is implemented in both /Users/angelicmcpherson/anaconda3/envs/cenv/lib/python3.11/site-packages/cv2/.dylibs/libSDL2-2.0.0.dylib (0x136dc09d0) and /Users/angelicmcpherson/anaconda3/envs/cenv/lib/python3.11/site-packages/pygame/.dylibs/libSDL2-2.0.0.dylib (0x139239408). This may cause spurious casting failures and mysterious crashes. One of the duplicates must be removed or renamed.
objc[83974]: Class SDLOpenGLContext is implemented in both /Users/angelicmcpherson/anaconda3/envs/cenv/lib/python3.11/site-packages/cv2/.dylibs/libSDL2-2.0.0.dylib (0x136dc0a20) and /Users/angelicmcpherson/anaconda3/envs/cenv/lib/python3.11/site-packages/pygame/.dylibs/libSDL2-2.0.0.dylib (0x139239458). This may cause spurious casting failures and mysterious crashes. One of the duplicates must be removed or renamed.
objc[83974]: Class SDL_ShapeData is implemented in both /Users/angelicmcpherson/anaconda3/envs/cenv/lib/python3.11/site-packages/cv2/.dylibs/libSDL2-2.0.0.dylib (0x136dc0a98) and /Users/angelicmcpherson/anaconda3/envs/cenv/lib/python3.11/site-packages/pygame/.dylibs/libSDL2-2.0.0.dylib (0x1392394d0). This may cause spurious casting failures and mysterious crashes. One of the duplicates must be removed or renamed.
objc[83974]: Class SDL_CocoaClosure is implemented in both /Users/angelicmcpherson/anaconda3/envs/cenv/lib/python3.11/site-packages/cv2/.dylibs/libSDL2-2.0.0.dylib (0x136dc0ae8) and /Users/angelicmcpherson/anaconda3/envs/cenv/lib/python3.11/site-packages/pygame/.dylibs/libSDL2-2.0.0.dylib (0x139239520). This may cause spurious casting failures and mysterious crashes. One of the duplicates must be removed or renamed.
objc[83974]: Class SDL_VideoData is implemented in both /Users/angelicmcpherson/anaconda3/envs/cenv/lib/python3.11/site-packages/cv2/.dylibs/libSDL2-2.0.0.dylib (0x136dc0b38) and /Users/angelicmcpherson/anaconda3/envs/cenv/lib/python3.11/site-packages/pygame/.dylibs/libSDL2-2.0.0.dylib (0x139239570). This may cause spurious casting failures and mysterious crashes. One of the duplicates must be removed or renamed.
objc[83974]: Class SDL_WindowData is implemented in both /Users/angelicmcpherson/anaconda3/envs/cenv/lib/python3.11/site-packages/cv2/.dylibs/libSDL2-2.0.0.dylib (0x136dc0b88) and /Users/angelicmcpherson/anaconda3/envs/cenv/lib/python3.11/site-packages/pygame/.dylibs/libSDL2-2.0.0.dylib (0x1392395c0). This may cause spurious casting failures and mysterious crashes. One of the duplicates must be removed or renamed.
objc[83974]: Class SDLWindow is implemented in both /Users/angelicmcpherson/anaconda3/envs/cenv/lib/python3.11/site-packages/cv2/.dylibs/libSDL2-2.0.0.dylib (0x136dc0bb0) and /Users/angelicmcpherson/anaconda3/envs/cenv/lib/python3.11/site-packages/pygame/.dylibs/libSDL2-2.0.0.dylib (0x1392395e8). This may cause spurious casting failures and mysterious crashes. One of the duplicates must be removed or renamed.
objc[83974]: Class Cocoa_WindowListener is implemented in both /Users/angelicmcpherson/anaconda3/envs/cenv/lib/python3.11/site-packages/cv2/.dylibs/libSDL2-2.0.0.dylib (0x136dc0bd8) and /Users/angelicmcpherson/anaconda3/envs/cenv/lib/python3.11/site-packages/pygame/.dylibs/libSDL2-2.0.0.dylib (0x139239610). This may cause spurious casting failures and mysterious crashes. One of the duplicates must be removed or renamed.
objc[83974]: Class SDLView is implemented in both /Users/angelicmcpherson/anaconda3/envs/cenv/lib/python3.11/site-packages/cv2/.dylibs/libSDL2-2.0.0.dylib (0x136dc0c50) and /Users/angelicmcpherson/anaconda3/envs/cenv/lib/python3.11/site-packages/pygame/.dylibs/libSDL2-2.0.0.dylib (0x139239688). This may cause spurious casting failures and mysterious crashes. One of the duplicates must be removed or renamed.
objc[83974]: Class METAL_RenderData is implemented in both /Users/angelicmcpherson/anaconda3/envs/cenv/lib/python3.11/site-packages/cv2/.dylibs/libSDL2-2.0.0.dylib (0x136dc0cc8) and /Users/angelicmcpherson/anaconda3/envs/cenv/lib/python3.11/site-packages/pygame/.dylibs/libSDL2-2.0.0.dylib (0x139239700). This may cause spurious casting failures and mysterious crashes. One of the duplicates must be removed or renamed.
objc[83974]: Class METAL_TextureData is implemented in both /Users/angelicmcpherson/anaconda3/envs/cenv/lib/python3.11/site-packages/cv2/.dylibs/libSDL2-2.0.0.dylib (0x136dc0d18) and /Users/angelicmcpherson/anaconda3/envs/cenv/lib/python3.11/site-packages/pygame/.dylibs/libSDL2-2.0.0.dylib (0x139239750). This may cause spurious casting failures and mysterious crashes. One of the duplicates must be removed or renamed.
objc[83974]: Class SDL_RumbleMotor is implemented in both /Users/angelicmcpherson/anaconda3/envs/cenv/lib/python3.11/site-packages/cv2/.dylibs/libSDL2-2.0.0.dylib (0x136dc0d40) and /Users/angelicmcpherson/anaconda3/envs/cenv/lib/python3.11/site-packages/pygame/.dylibs/libSDL2-2.0.0.dylib (0x139239778). This may cause spurious casting failures and mysterious crashes. One of the duplicates must be removed or renamed.
objc[83974]: Class SDL_RumbleContext is implemented in both /Users/angelicmcpherson/anaconda3/envs/cenv/lib/python3.11/site-packages/cv2/.dylibs/libSDL2-2.0.0.dylib (0x136dc0d90) and /Users/angelicmcpherson/anaconda3/envs/cenv/lib/python3.11/site-packages/pygame/.dylibs/libSDL2-2.0.0.dylib (0x1392397c8). This may cause spurious casting failures and mysterious crashes. One of the duplicates must be removed or renamed.
/Users/angelicmcpherson/anaconda3/envs/cenv/lib/python3.11/site-packages/pygame/pkgdata.py:25: UserWarning: pkg_resources is deprecated as an API. See https://setuptools.pypa.io/en/latest/pkg_resources.html. The pkg_resources package is slated for removal as early as 2025-11-30. Refrain from using this package or pin to Setuptools<81.
  from pkg_resources import resource_stream, resource_exists
[iter 1] timesteps=512/100000  mean_ep_reward=8.54  n_episodes=39  fps=2  pg_loss=-0.0001  vf_loss=36.5268
[iter 2] timesteps=1024/100000  mean_ep_reward=9.05  n_episodes=79  fps=2  pg_loss=0.0001  vf_loss=33.5441
[iter 3] timesteps=1536/100000  mean_ep_reward=9.33  n_episodes=116  fps=2  pg_loss=-0.0033  vf_loss=28.7942
[iter 4] timesteps=2048/100000  mean_ep_reward=8.44  n_episodes=159  fps=2  pg_loss=-0.0086  vf_loss=18.8483
[iter 5] timesteps=2560/100000  mean_ep_reward=9.35  n_episodes=190  fps=2  pg_loss=-0.0083  vf_loss=29.9255
[iter 6] timesteps=3072/100000  mean_ep_reward=10.62  n_episodes=216  fps=2  pg_loss=-0.0081  vf_loss=32.6144
[iter 7] timesteps=3584/100000  mean_ep_reward=12.80  n_episodes=233  fps=2  pg_loss=-0.0118  vf_loss=36.0327
[iter 8] timesteps=4096/100000  mean_ep_reward=15.17  n_episodes=250  fps=2  pg_loss=-0.0069  vf_loss=35.4531
[iter 9] timesteps=4608/100000  mean_ep_reward=17.34  n_episodes=264  fps=2  pg_loss=-0.0046  vf_loss=35.3773
[iter 10] timesteps=5120/100000  mean_ep_reward=19.07  n_episodes=278  fps=2  pg_loss=-0.0007  vf_loss=34.5936  mse=[ego_x=0.01048  ego_y=0.06543  ego_vx=0.00307  blindspot_left_rel_vx=0.05385  blindspot_right_rel_vx=0.01737]
[iter 11] timesteps=5632/100000  mean_ep_reward=20.85  n_episodes=292  fps=2  pg_loss=-0.0045  vf_loss=31.8940
[iter 12] timesteps=6144/100000  mean_ep_reward=22.30  n_episodes=306  fps=2  pg_loss=-0.0029  vf_loss=31.8487
[iter 13] timesteps=6656/100000  mean_ep_reward=24.02  n_episodes=320  fps=2  pg_loss=-0.0071  vf_loss=33.2330
[iter 14] timesteps=7168/100000  mean_ep_reward=24.70  n_episodes=334  fps=2  pg_loss=-0.0033  vf_loss=32.5847
[iter 15] timesteps=7680/100000  mean_ep_reward=25.36  n_episodes=346  fps=2  pg_loss=-0.0033  vf_loss=31.5057
[iter 16] timesteps=8192/100000  mean_ep_reward=25.90  n_episodes=360  fps=2  pg_loss=-0.0075  vf_loss=30.2118
[iter 17] timesteps=8704/100000  mean_ep_reward=26.06  n_episodes=372  fps=2  pg_loss=-0.0045  vf_loss=33.4251
[iter 18] timesteps=9216/100000  mean_ep_reward=26.10  n_episodes=386  fps=2  pg_loss=-0.0001  vf_loss=32.7932
[iter 19] timesteps=9728/100000  mean_ep_reward=26.23  n_episodes=400  fps=2  pg_loss=-0.0030  vf_loss=31.3267
[iter 20] timesteps=10240/100000  mean_ep_reward=25.45  n_episodes=416  fps=2  pg_loss=-0.0078  vf_loss=35.0488  mse=[ego_x=0.00278  ego_y=0.00564  ego_vx=0.00064  blindspot_left_rel_vx=0.01132  blindspot_right_rel_vx=0.01040]
[iter 21] timesteps=10752/100000  mean_ep_reward=24.77  n_episodes=433  fps=2  pg_loss=-0.0023  vf_loss=34.9147
[iter 22] timesteps=11264/100000  mean_ep_reward=24.24  n_episodes=448  fps=2  pg_loss=-0.0005  vf_loss=35.8859
[iter 23] timesteps=11776/100000  mean_ep_reward=24.36  n_episodes=461  fps=2  pg_loss=-0.0020  vf_loss=34.9459
[iter 24] timesteps=12288/100000  mean_ep_reward=24.50  n_episodes=473  fps=2  pg_loss=-0.0076  vf_loss=34.5791
[iter 25] timesteps=12800/100000  mean_ep_reward=23.53  n_episodes=490  fps=2  pg_loss=-0.0061  vf_loss=41.8330
[iter 26] timesteps=13312/100000  mean_ep_reward=24.01  n_episodes=503  fps=2  pg_loss=-0.0028  vf_loss=36.6835
[iter 27] timesteps=13824/100000  mean_ep_reward=24.77  n_episodes=516  fps=2  pg_loss=-0.0012  vf_loss=37.1090
[iter 28] timesteps=14336/100000  mean_ep_reward=25.84  n_episodes=530  fps=2  pg_loss=-0.0073  vf_loss=39.1530
[iter 29] timesteps=14848/100000  mean_ep_reward=26.13  n_episodes=543  fps=2  pg_loss=-0.0020  vf_loss=38.6052
[iter 30] timesteps=15360/100000  mean_ep_reward=26.08  n_episodes=557  fps=2  pg_loss=-0.0068  vf_loss=40.8004  mse=[ego_x=0.00133  ego_y=0.00244  ego_vx=0.00033  blindspot_left_rel_vx=0.00725  blindspot_right_rel_vx=0.01577]
[iter 31] timesteps=15872/100000  mean_ep_reward=25.64  n_episodes=571  fps=2  pg_loss=-0.0051  vf_loss=40.6021
[iter 32] timesteps=16384/100000  mean_ep_reward=25.94  n_episodes=585  fps=2  pg_loss=-0.0040  vf_loss=40.3662
[iter 33] timesteps=16896/100000  mean_ep_reward=26.05  n_episodes=599  fps=2  pg_loss=-0.0019  vf_loss=40.7058
[iter 34] timesteps=17408/100000  mean_ep_reward=26.20  n_episodes=612  fps=2  pg_loss=-0.0009  vf_loss=38.9682
[iter 35] timesteps=17920/100000  mean_ep_reward=26.38  n_episodes=624  fps=2  pg_loss=-0.0010  vf_loss=37.9216
[iter 36] timesteps=18432/100000  mean_ep_reward=26.16  n_episodes=637  fps=2  pg_loss=-0.0013  vf_loss=40.4341
[iter 37] timesteps=18944/100000  mean_ep_reward=26.04  n_episodes=651  fps=2  pg_loss=-0.0023  vf_loss=41.4435
[iter 38] timesteps=19456/100000  mean_ep_reward=26.62  n_episodes=664  fps=2  pg_loss=-0.0022  vf_loss=40.5628
[iter 39] timesteps=19968/100000  mean_ep_reward=26.70  n_episodes=676  fps=2  pg_loss=-0.0033  vf_loss=39.9935
[iter 40] timesteps=20480/100000  mean_ep_reward=27.12  n_episodes=689  fps=2  pg_loss=-0.0015  vf_loss=40.5920  mse=[ego_x=0.00055  ego_y=0.00129  ego_vx=0.00025  blindspot_left_rel_vx=0.00487  blindspot_right_rel_vx=0.01044]
[iter 41] timesteps=20992/100000  mean_ep_reward=27.54  n_episodes=702  fps=2  pg_loss=-0.0082  vf_loss=41.4923
[iter 42] timesteps=21504/100000  mean_ep_reward=26.91  n_episodes=716  fps=2  pg_loss=-0.0016  vf_loss=42.8875
[iter 43] timesteps=22016/100000  mean_ep_reward=26.98  n_episodes=730  fps=2  pg_loss=-0.0132  vf_loss=43.2294
[iter 44] timesteps=22528/100000  mean_ep_reward=26.72  n_episodes=744  fps=2  pg_loss=-0.0042  vf_loss=42.3040
[iter 45] timesteps=23040/100000  mean_ep_reward=26.51  n_episodes=758  fps=2  pg_loss=-0.0079  vf_loss=42.5496
[iter 46] timesteps=23552/100000  mean_ep_reward=26.38  n_episodes=771  fps=2  pg_loss=-0.0022  vf_loss=40.6037
[iter 47] timesteps=24064/100000  mean_ep_reward=25.45  n_episodes=788  fps=2  pg_loss=-0.0002  vf_loss=46.0615
[iter 48] timesteps=24576/100000  mean_ep_reward=24.99  n_episodes=802  fps=2  pg_loss=-0.0038  vf_loss=41.2387
[iter 49] timesteps=25088/100000  mean_ep_reward=24.90  n_episodes=817  fps=2  pg_loss=-0.0003  vf_loss=42.2402
[iter 50] timesteps=25600/100000  mean_ep_reward=24.89  n_episodes=830  fps=2  pg_loss=-0.0007  vf_loss=40.7366  mse=[ego_x=0.00083  ego_y=0.00159  ego_vx=0.00035  blindspot_left_rel_vx=0.00464  blindspot_right_rel_vx=0.00927]
[iter 51] timesteps=26112/100000  mean_ep_reward=25.36  n_episodes=843  fps=2  pg_loss=-0.0051  vf_loss=40.1393
[iter 52] timesteps=26624/100000  mean_ep_reward=25.46  n_episodes=857  fps=2  pg_loss=-0.0004  vf_loss=43.6061
[iter 53] timesteps=27136/100000  mean_ep_reward=25.17  n_episodes=871  fps=2  pg_loss=-0.0033  vf_loss=41.7532
[iter 54] timesteps=27648/100000  mean_ep_reward=25.44  n_episodes=885  fps=2  pg_loss=-0.0012  vf_loss=42.3627
[iter 55] timesteps=28160/100000  mean_ep_reward=25.57  n_episodes=900  fps=2  pg_loss=-0.0012  vf_loss=44.7642
[iter 56] timesteps=28672/100000  mean_ep_reward=25.44  n_episodes=915  fps=2  pg_loss=-0.0008  vf_loss=41.8314
[iter 57] timesteps=29184/100000  mean_ep_reward=24.60  n_episodes=932  fps=2  pg_loss=-0.0000  vf_loss=45.0476
[iter 58] timesteps=29696/100000  mean_ep_reward=24.80  n_episodes=944  fps=2  pg_loss=-0.0007  vf_loss=38.5954
[iter 59] timesteps=30208/100000  mean_ep_reward=24.48  n_episodes=959  fps=2  pg_loss=-0.0014  vf_loss=42.2236
[iter 60] timesteps=30720/100000  mean_ep_reward=24.88  n_episodes=972  fps=2  pg_loss=-0.0005  vf_loss=38.3217  mse=[ego_x=0.00051  ego_y=0.00210  ego_vx=0.00086  blindspot_left_rel_vx=0.00171  blindspot_right_rel_vx=0.00834]
[iter 61] timesteps=31232/100000  mean_ep_reward=25.19  n_episodes=984  fps=1  pg_loss=-0.0011  vf_loss=36.5795
[iter 62] timesteps=31744/100000  mean_ep_reward=25.96  n_episodes=997  fps=1  pg_loss=-0.0039  vf_loss=38.1659
[iter 63] timesteps=32256/100000  mean_ep_reward=26.24  n_episodes=1009  fps=1  pg_loss=-0.0018  vf_loss=36.4218
[iter 64] timesteps=32768/100000  mean_ep_reward=26.52  n_episodes=1022  fps=1  pg_loss=-0.0011  vf_loss=36.8938
[iter 65] timesteps=33280/100000  mean_ep_reward=27.80  n_episodes=1034  fps=1  pg_loss=-0.0043  vf_loss=33.9121
[iter 66] timesteps=33792/100000  mean_ep_reward=27.68  n_episodes=1047  fps=1  pg_loss=0.0005  vf_loss=38.1482
[iter 67] timesteps=34304/100000  mean_ep_reward=28.16  n_episodes=1060  fps=0  pg_loss=-0.0015  vf_loss=36.7269
[iter 68] timesteps=34816/100000  mean_ep_reward=28.22  n_episodes=1072  fps=0  pg_loss=-0.0006  vf_loss=/Users//Users/angelicmcpherson/anaconda3/envs/cenv/lib/python3.11/multiprocessing/resource_tracker.py:254: UserWarning: resource_tracker: There appear to be 3 leaked semaphore objects to clean up at shutdown
  warnings.warn('resource_tracker: There appear to be %d '
