objc[83950]: Class SDLApplication is implemented in both /Users/angelicmcpherson/anaconda3/envs/cenv/lib/python3.11/site-packages/cv2/.dylibs/libSDL2-2.0.0.dylib (0x1551c0890) and /Users/angelicmcpherson/anaconda3/envs/cenv/lib/python3.11/site-packages/pygame/.dylibs/libSDL2-2.0.0.dylib (0x156a2d2c8). This may cause spurious casting failures and mysterious crashes. One of the duplicates must be removed or renamed.
objc[83950]: Class SDLAppDelegate is implemented in both /Users/angelicmcpherson/anaconda3/envs/cenv/lib/python3.11/site-packages/cv2/.dylibs/libSDL2-2.0.0.dylib (0x1551c08e0) and /Users/angelicmcpherson/anaconda3/envs/cenv/lib/python3.11/site-packages/pygame/.dylibs/libSDL2-2.0.0.dylib (0x156a2d318). This may cause spurious casting failures and mysterious crashes. One of the duplicates must be removed or renamed.
objc[83950]: Class SDLTranslatorResponder is implemented in both /Users/angelicmcpherson/anaconda3/envs/cenv/lib/python3.11/site-packages/cv2/.dylibs/libSDL2-2.0.0.dylib (0x1551c0958) and /Users/angelicmcpherson/anaconda3/envs/cenv/lib/python3.11/site-packages/pygame/.dylibs/libSDL2-2.0.0.dylib (0x156a2d390). This may cause spurious casting failures and mysterious crashes. One of the duplicates must be removed or renamed.
objc[83950]: Class SDLMessageBoxPresenter is implemented in both /Users/angelicmcpherson/anaconda3/envs/cenv/lib/python3.11/site-packages/cv2/.dylibs/libSDL2-2.0.0.dylib (0x1551c0980) and /Users/angelicmcpherson/anaconda3/envs/cenv/lib/python3.11/site-packages/pygame/.dylibs/libSDL2-2.0.0.dylib (0x156a2d3b8). This may cause spurious casting failures and mysterious crashes. One of the duplicates must be removed or renamed.
objc[83950]: Class SDL_cocoametalview is implemented in both /Users/angelicmcpherson/anaconda3/envs/cenv/lib/python3.11/site-packages/cv2/.dylibs/libSDL2-2.0.0.dylib (0x1551c09d0) and /Users/angelicmcpherson/anaconda3/envs/cenv/lib/python3.11/site-packages/pygame/.dylibs/libSDL2-2.0.0.dylib (0x156a2d408). This may cause spurious casting failures and mysterious crashes. One of the duplicates must be removed or renamed.
objc[83950]: Class SDLOpenGLContext is implemented in both /Users/angelicmcpherson/anaconda3/envs/cenv/lib/python3.11/site-packages/cv2/.dylibs/libSDL2-2.0.0.dylib (0x1551c0a20) and /Users/angelicmcpherson/anaconda3/envs/cenv/lib/python3.11/site-packages/pygame/.dylibs/libSDL2-2.0.0.dylib (0x156a2d458). This may cause spurious casting failures and mysterious crashes. One of the duplicates must be removed or renamed.
objc[83950]: Class SDL_ShapeData is implemented in both /Users/angelicmcpherson/anaconda3/envs/cenv/lib/python3.11/site-packages/cv2/.dylibs/libSDL2-2.0.0.dylib (0x1551c0a98) and /Users/angelicmcpherson/anaconda3/envs/cenv/lib/python3.11/site-packages/pygame/.dylibs/libSDL2-2.0.0.dylib (0x156a2d4d0). This may cause spurious casting failures and mysterious crashes. One of the duplicates must be removed or renamed.
objc[83950]: Class SDL_CocoaClosure is implemented in both /Users/angelicmcpherson/anaconda3/envs/cenv/lib/python3.11/site-packages/cv2/.dylibs/libSDL2-2.0.0.dylib (0x1551c0ae8) and /Users/angelicmcpherson/anaconda3/envs/cenv/lib/python3.11/site-packages/pygame/.dylibs/libSDL2-2.0.0.dylib (0x156a2d520). This may cause spurious casting failures and mysterious crashes. One of the duplicates must be removed or renamed.
objc[83950]: Class SDL_VideoData is implemented in both /Users/angelicmcpherson/anaconda3/envs/cenv/lib/python3.11/site-packages/cv2/.dylibs/libSDL2-2.0.0.dylib (0x1551c0b38) and /Users/angelicmcpherson/anaconda3/envs/cenv/lib/python3.11/site-packages/pygame/.dylibs/libSDL2-2.0.0.dylib (0x156a2d570). This may cause spurious casting failures and mysterious crashes. One of the duplicates must be removed or renamed.
objc[83950]: Class SDL_WindowData is implemented in both /Users/angelicmcpherson/anaconda3/envs/cenv/lib/python3.11/site-packages/cv2/.dylibs/libSDL2-2.0.0.dylib (0x1551c0b88) and /Users/angelicmcpherson/anaconda3/envs/cenv/lib/python3.11/site-packages/pygame/.dylibs/libSDL2-2.0.0.dylib (0x156a2d5c0). This may cause spurious casting failures and mysterious crashes. One of the duplicates must be removed or renamed.
objc[83950]: Class SDLWindow is implemented in both /Users/angelicmcpherson/anaconda3/envs/cenv/lib/python3.11/site-packages/cv2/.dylibs/libSDL2-2.0.0.dylib (0x1551c0bb0) and /Users/angelicmcpherson/anaconda3/envs/cenv/lib/python3.11/site-packages/pygame/.dylibs/libSDL2-2.0.0.dylib (0x156a2d5e8). This may cause spurious casting failures and mysterious crashes. One of the duplicates must be removed or renamed.
objc[83950]: Class Cocoa_WindowListener is implemented in both /Users/angelicmcpherson/anaconda3/envs/cenv/lib/python3.11/site-packages/cv2/.dylibs/libSDL2-2.0.0.dylib (0x1551c0bd8) and /Users/angelicmcpherson/anaconda3/envs/cenv/lib/python3.11/site-packages/pygame/.dylibs/libSDL2-2.0.0.dylib (0x156a2d610). This may cause spurious casting failures and mysterious crashes. One of the duplicates must be removed or renamed.
objc[83950]: Class SDLView is implemented in both /Users/angelicmcpherson/anaconda3/envs/cenv/lib/python3.11/site-packages/cv2/.dylibs/libSDL2-2.0.0.dylib (0x1551c0c50) and /Users/angelicmcpherson/anaconda3/envs/cenv/lib/python3.11/site-packages/pygame/.dylibs/libSDL2-2.0.0.dylib (0x156a2d688). This may cause spurious casting failures and mysterious crashes. One of the duplicates must be removed or renamed.
objc[83950]: Class METAL_RenderData is implemented in both /Users/angelicmcpherson/anaconda3/envs/cenv/lib/python3.11/site-packages/cv2/.dylibs/libSDL2-2.0.0.dylib (0x1551c0cc8) and /Users/angelicmcpherson/anaconda3/envs/cenv/lib/python3.11/site-packages/pygame/.dylibs/libSDL2-2.0.0.dylib (0x156a2d700). This may cause spurious casting failures and mysterious crashes. One of the duplicates must be removed or renamed.
objc[83950]: Class METAL_TextureData is implemented in both /Users/angelicmcpherson/anaconda3/envs/cenv/lib/python3.11/site-packages/cv2/.dylibs/libSDL2-2.0.0.dylib (0x1551c0d18) and /Users/angelicmcpherson/anaconda3/envs/cenv/lib/python3.11/site-packages/pygame/.dylibs/libSDL2-2.0.0.dylib (0x156a2d750). This may cause spurious casting failures and mysterious crashes. One of the duplicates must be removed or renamed.
objc[83950]: Class SDL_RumbleMotor is implemented in both /Users/angelicmcpherson/anaconda3/envs/cenv/lib/python3.11/site-packages/cv2/.dylibs/libSDL2-2.0.0.dylib (0x1551c0d40) and /Users/angelicmcpherson/anaconda3/envs/cenv/lib/python3.11/site-packages/pygame/.dylibs/libSDL2-2.0.0.dylib (0x156a2d778). This may cause spurious casting failures and mysterious crashes. One of the duplicates must be removed or renamed.
objc[83950]: Class SDL_RumbleContext is implemented in both /Users/angelicmcpherson/anaconda3/envs/cenv/lib/python3.11/site-packages/cv2/.dylibs/libSDL2-2.0.0.dylib (0x1551c0d90) and /Users/angelicmcpherson/anaconda3/envs/cenv/lib/python3.11/site-packages/pygame/.dylibs/libSDL2-2.0.0.dylib (0x156a2d7c8). This may cause spurious casting failures and mysterious crashes. One of the duplicates must be removed or renamed.
/Users/angelicmcpherson/anaconda3/envs/cenv/lib/python3.11/site-packages/pygame/pkgdata.py:25: UserWarning: pkg_resources is deprecated as an API. See https://setuptools.pypa.io/en/latest/pkg_resources.html. The pkg_resources package is slated for removal as early as 2025-11-30. Refrain from using this package or pin to Setuptools<81.
  from pkg_resources import resource_stream, resource_exists
[train] concept_net=cbm  temporal=gru  supervision=online  freeze_concept=False  env=highway_state  seed=42
[train] output → results/highway_state/cbm_gru_online_coupled_highway_state_seed42
objc[83970]: Class SDLApplication is implemented in both /Users/angelicmcpherson/anaconda3/envs/cenv/lib/python3.11/site-packages/cv2/.dylibs/libSDL2-2.0.0.dylib (0x13dd18890) and /Users/angelicmcpherson/anaconda3/envs/cenv/lib/python3.11/site-packages/pygame/.dylibs/libSDL2-2.0.0.dylib (0x14814d2c8). This may cause spurious casting failures and mysterious crashes. One of the duplicates must be removed or renamed.
objc[83970]: Class SDLAppDelegate is implemented in both /Users/angelicmcpherson/anaconda3/envs/cenv/lib/python3.11/site-packages/cv2/.dylibs/libSDL2-2.0.0.dylib (0x13dd188e0) and /Users/angelicmcpherson/anaconda3/envs/cenv/lib/python3.11/site-packages/pygame/.dylibs/libSDL2-2.0.0.dylib (0x14814d318). This may cause spurious casting failures and mysterious crashes. One of the duplicates must be removed or renamed.
objc[83970]: Class SDLTranslatorResponder is implemented in both /Users/angelicmcpherson/anaconda3/envs/cenv/lib/python3.11/site-packages/cv2/.dylibs/libSDL2-2.0.0.dylib (0x13dd18958) and /Users/angelicmcpherson/anaconda3/envs/cenv/lib/python3.11/site-packages/pygame/.dylibs/libSDL2-2.0.0.dylib (0x14814d390). This may cause spurious casting failures and mysterious crashes. One of the duplicates must be removed or renamed.
objc[83970]: Class SDLMessageBoxPresenter is implemented in both /Users/angelicmcpherson/anaconda3/envs/cenv/lib/python3.11/site-packages/cv2/.dylibs/libSDL2-2.0.0.dylib (0x13dd18980) and /Users/angelicmcpherson/anaconda3/envs/cenv/lib/python3.11/site-packages/pygame/.dylibs/libSDL2-2.0.0.dylib (0x14814d3b8). This may cause spurious casting failures and mysterious crashes. One of the duplicates must be removed or renamed.
objc[83970]: Class SDL_cocoametalview is implemented in both /Users/angelicmcpherson/anaconda3/envs/cenv/lib/python3.11/site-packages/cv2/.dylibs/libSDL2-2.0.0.dylib (0x13dd189d0) and /Users/angelicmcpherson/anaconda3/envs/cenv/lib/python3.11/site-packages/pygame/.dylibs/libSDL2-2.0.0.dylib (0x14814d408). This may cause spurious casting failures and mysterious crashes. One of the duplicates must be removed or renamed.
objc[83970]: Class SDLOpenGLContext is implemented in both /Users/angelicmcpherson/anaconda3/envs/cenv/lib/python3.11/site-packages/cv2/.dylibs/libSDL2-2.0.0.dylib (0x13dd18a20) and /Users/angelicmcpherson/anaconda3/envs/cenv/lib/python3.11/site-packages/pygame/.dylibs/libSDL2-2.0.0.dylib (0x14814d458). This may cause spurious casting failures and mysterious crashes. One of the duplicates must be removed or renamed.
objc[83970]: Class SDL_ShapeData is implemented in both /Users/angelicmcpherson/anaconda3/envs/cenv/lib/python3.11/site-packages/cv2/.dylibs/libSDL2-2.0.0.dylib (0x13dd18a98) and /Users/angelicmcpherson/anaconda3/envs/cenv/lib/python3.11/site-packages/pygame/.dylibs/libSDL2-2.0.0.dylib (0x14814d4d0). This may cause spurious casting failures and mysterious crashes. One of the duplicates must be removed or renamed.
objc[83970]: Class SDL_CocoaClosure is implemented in both /Users/angelicmcpherson/anaconda3/envs/cenv/lib/python3.11/site-packages/cv2/.dylibs/libSDL2-2.0.0.dylib (0x13dd18ae8) and /Users/angelicmcpherson/anaconda3/envs/cenv/lib/python3.11/site-packages/pygame/.dylibs/libSDL2-2.0.0.dylib (0x14814d520). This may cause spurious casting failures and mysterious crashes. One of the duplicates must be removed or renamed.
objc[83970]: Class SDL_VideoData is implemented in both /Users/angelicmcpherson/anaconda3/envs/cenv/lib/python3.11/site-packages/cv2/.dylibs/libSDL2-2.0.0.dylib (0x13dd18b38) and /Users/angelicmcpherson/anaconda3/envs/cenv/lib/python3.11/site-packages/pygame/.dylibs/libSDL2-2.0.0.dylib (0x14814d570). This may cause spurious casting failures and mysterious crashes. One of the duplicates must be removed or renamed.
objc[83970]: Class SDL_WindowData is implemented in both /Users/angelicmcpherson/anaconda3/envs/cenv/lib/python3.11/site-packages/cv2/.dylibs/libSDL2-2.0.0.dylib (0x13dd18b88) and /Users/angelicmcpherson/anaconda3/envs/cenv/lib/python3.11/site-packages/pygame/.dylibs/libSDL2-2.0.0.dylib (0x14814d5c0). This may cause spurious casting failures and mysterious crashes. One of the duplicates must be removed or renamed.
objc[83970]: Class SDLWindow is implemented in both /Users/angelicmcpherson/anaconda3/envs/cenv/lib/python3.11/site-packages/cv2/.dylibs/libSDL2-2.0.0.dylib (0x13dd18bb0) and /Users/angelicmcpherson/anaconda3/envs/cenv/lib/python3.11/site-packages/pygame/.dylibs/libSDL2-2.0.0.dylib (0x14814d5e8). This may cause spurious casting failures and mysterious crashes. One of the duplicates must be removed or renamed.
objc[83970]: Class Cocoa_WindowListener is implemented in both /Users/angelicmcpherson/anaconda3/envs/cenv/lib/python3.11/site-packages/cv2/.dylibs/libSDL2-2.0.0.dylib (0x13dd18bd8) and /Users/angelicmcpherson/anaconda3/envs/cenv/lib/python3.11/site-packages/pygame/.dylibs/libSDL2-2.0.0.dylib (0x14814d610). This may cause spurious casting failures and mysterious crashes. One of the duplicates must be removed or renamed.
objc[83970]: Class SDLView is implemented in both /Users/angelicmcpherson/anaconda3/envs/cenv/lib/python3.11/site-packages/cv2/.dylibs/libSDL2-2.0.0.dylib (0x13dd18c50) and /Users/angelicmcpherson/anaconda3/envs/cenv/lib/python3.11/site-packages/pygame/.dylibs/libSDL2-2.0.0.dylib (0x14814d688). This may cause spurious casting failures and mysterious crashes. One of the duplicates must be removed or renamed.
objc[83970]: Class METAL_RenderData is implemented in both /Users/angelicmcpherson/anaconda3/envs/cenv/lib/python3.11/site-packages/cv2/.dylibs/libSDL2-2.0.0.dylib (0x13dd18cc8) and /Users/angelicmcpherson/anaconda3/envs/cenv/lib/python3.11/site-packages/pygame/.dylibs/libSDL2-2.0.0.dylib (0x14814d700). This may cause spurious casting failures and mysterious crashes. One of the duplicates must be removed or renamed.
objc[83970]: Class METAL_TextureData is implemented in both /Users/angelicmcpherson/anaconda3/envs/cenv/lib/python3.11/site-packages/cv2/.dylibs/libSDL2-2.0.0.dylib (0x13dd18d18) and /Users/angelicmcpherson/anaconda3/envs/cenv/lib/python3.11/site-packages/pygame/.dylibs/libSDL2-2.0.0.dylib (0x14814d750). This may cause spurious casting failures and mysterious crashes. One of the duplicates must be removed or renamed.
objc[83970]: Class SDL_RumbleMotor is implemented in both /Users/angelicmcpherson/anaconda3/envs/cenv/lib/python3.11/site-packages/cv2/.dylibs/libSDL2-2.0.0.dylib (0x13dd18d40) and /Users/angelicmcpherson/anaconda3/envs/cenv/lib/python3.11/site-packages/pygame/.dylibs/libSDL2-2.0.0.dylib (0x14814d778). This may cause spurious casting failures and mysterious crashes. One of the duplicates must be removed or renamed.
objc[83970]: Class SDL_RumbleContext is implemented in both /Users/angelicmcpherson/anaconda3/envs/cenv/lib/python3.11/site-packages/cv2/.dylibs/libSDL2-2.0.0.dylib (0x13dd18d90) and /Users/angelicmcpherson/anaconda3/envs/cenv/lib/python3.11/site-packages/pygame/.dylibs/libSDL2-2.0.0.dylib (0x14814d7c8). This may cause spurious casting failures and mysterious crashes. One of the duplicates must be removed or renamed.
/Users/angelicmcpherson/anaconda3/envs/cenv/lib/python3.11/site-packages/pygame/pkgdata.py:25: UserWarning: pkg_resources is deprecated as an API. See https://setuptools.pypa.io/en/latest/pkg_resources.html. The pkg_resources package is slated for removal as early as 2025-11-30. Refrain from using this package or pin to Setuptools<81.
  from pkg_resources import resource_stream, resource_exists
[iter 1] timesteps=512/100000  mean_ep_reward=8.05  n_episodes=44  fps=3  pg_loss=0.0031  vf_loss=29.3837
[iter 2] timesteps=1024/100000  mean_ep_reward=8.59  n_episodes=82  fps=3  pg_loss=0.0001  vf_loss=28.5157
[iter 3] timesteps=1536/100000  mean_ep_reward=10.21  n_episodes=108  fps=2  pg_loss=-0.0074  vf_loss=35.0915
[iter 4] timesteps=2048/100000  mean_ep_reward=11.46  n_episodes=140  fps=2  pg_loss=-0.0180  vf_loss=24.0605
[iter 5] timesteps=2560/100000  mean_ep_reward=12.23  n_episodes=171  fps=2  pg_loss=-0.0074  vf_loss=24.7510
[iter 6] timesteps=3072/100000  mean_ep_reward=12.78  n_episodes=195  fps=2  pg_loss=-0.0140  vf_loss=32.6469
[iter 7] timesteps=3584/100000  mean_ep_reward=13.26  n_episodes=215  fps=2  pg_loss=-0.0055  vf_loss=29.7505
[iter 8] timesteps=4096/100000  mean_ep_reward=14.65  n_episodes=233  fps=2  pg_loss=-0.0047  vf_loss=29.4516
[iter 9] timesteps=4608/100000  mean_ep_reward=16.76  n_episodes=248  fps=2  pg_loss=-0.0058  vf_loss=31.9760
[iter 10] timesteps=5120/100000  mean_ep_reward=18.10  n_episodes=263  fps=2  pg_loss=-0.0016  vf_loss=31.2738  mse=[ego_x=10.92158  ego_y=6.58808  ego_vx=5.63068  blindspot_left_rel_vx=16.28484  blindspot_right_rel_vx=15.75997]
[iter 11] timesteps=5632/100000  mean_ep_reward=19.89  n_episodes=277  fps=2  pg_loss=-0.0057  vf_loss=31.0341
[iter 12] timesteps=6144/100000  mean_ep_reward=20.89  n_episodes=293  fps=2  pg_loss=-0.0044  vf_loss=31.2265
[iter 13] timesteps=6656/100000  mean_ep_reward=22.37  n_episodes=306  fps=2  pg_loss=-0.0013  vf_loss=31.0839
[iter 14] timesteps=7168/100000  mean_ep_reward=22.44  n_episodes=322  fps=2  pg_loss=-0.0050  vf_loss=30.5010
[iter 15] timesteps=7680/100000  mean_ep_reward=23.01  n_episodes=336  fps=2  pg_loss=-0.0013  vf_loss=30.9403
[iter 16] timesteps=8192/100000  mean_ep_reward=23.03  n_episodes=352  fps=2  pg_loss=-0.0065  vf_loss=31.5805
[iter 17] timesteps=8704/100000  mean_ep_reward=23.31  n_episodes=365  fps=2  pg_loss=-0.0028  vf_loss=32.2626
[iter 18] timesteps=9216/100000  mean_ep_reward=23.89  n_episodes=379  fps=2  pg_loss=-0.0009  vf_loss=32.3031
[iter 19] timesteps=9728/100000  mean_ep_reward=24.37  n_episodes=392  fps=2  pg_loss=-0.0011  vf_loss=32.2492
[iter 20] timesteps=10240/100000  mean_ep_reward=24.35  n_episodes=405  fps=2  pg_loss=-0.0011  vf_loss=31.0735  mse=[ego_x=7.57699  ego_y=5.97051  ego_vx=5.37248  blindspot_left_rel_vx=16.92994  blindspot_right_rel_vx=12.39676]
[iter 21] timesteps=10752/100000  mean_ep_reward=25.30  n_episodes=418  fps=2  pg_loss=-0.0046  vf_loss=32.2559
[iter 22] timesteps=11264/100000  mean_ep_reward=25.58  n_episodes=431  fps=2  pg_loss=-0.0060  vf_loss=32.1519
[iter 23] timesteps=11776/100000  mean_ep_reward=25.97  n_episodes=444  fps=2  pg_loss=-0.0018  vf_loss=32.3717
[iter 24] timesteps=12288/100000  mean_ep_reward=26.46  n_episodes=457  fps=2  pg_loss=-0.0045  vf_loss=33.9261
[iter 25] timesteps=12800/100000  mean_ep_reward=22.87  n_episodes=484  fps=2  pg_loss=0.0537  vf_loss=14.5920
[iter 26] timesteps=13312/100000  mean_ep_reward=22.48  n_episodes=499  fps=2  pg_loss=0.0504  vf_loss=19.9151
[iter 27] timesteps=13824/100000  mean_ep_reward=21.71  n_episodes=515  fps=2  pg_loss=0.0490  vf_loss=18.8055
[iter 28] timesteps=14336/100000  mean_ep_reward=17.28  n_episodes=545  fps=2  pg_loss=0.0531  vf_loss=24.1150
[iter 29] timesteps=14848/100000  mean_ep_reward=14.01  n_episodes=586  fps=2  pg_loss=0.0381  vf_loss=22.3733
[iter 30] timesteps=15360/100000  mean_ep_reward=13.66  n_episodes=602  fps=2  pg_loss=0.0457  vf_loss=21.5042  mse=[ego_x=0.01895  ego_y=0.07755  ego_vx=0.00559  blindspot_left_rel_vx=0.03024  blindspot_right_rel_vx=0.03214]
[iter 31] timesteps=15872/100000  mean_ep_reward=13.37  n_episodes=625  fps=2  pg_loss=0.0016  vf_loss=21.3474
[iter 32] timesteps=16384/100000  mean_ep_reward=12.85  n_episodes=657  fps=2  pg_loss=0.0044  vf_loss=12.9825
[iter 33] timesteps=16896/100000  mean_ep_reward=12.18  n_episodes=696  fps=2  pg_loss=0.0232  vf_loss=23.5973
[iter 34] timesteps=17408/100000  mean_ep_reward=11.03  n_episodes=724  fps=2  pg_loss=0.0046  vf_loss=17.8113
[iter 35] timesteps=17920/100000  mean_ep_reward=11.94  n_episodes=747  fps=2  pg_loss=-0.0089  vf_loss=19.7446
[iter 36] timesteps=18432/100000  mean_ep_reward=12.48  n_episodes=778  fps=2  pg_loss=0.0037  vf_loss=16.1687
[iter 37] timesteps=18944/100000  mean_ep_reward=13.04  n_episodes=807  fps=2  pg_loss=-0.0056  vf_loss=18.5417
[iter 38] timesteps=19456/100000  mean_ep_reward=11.77  n_episodes=843  fps=2  pg_loss=-0.0173  vf_loss=17.8456
[iter 39] timesteps=19968/100000  mean_ep_reward=10.32  n_episodes=881  fps=2  pg_loss=-0.0096  vf_loss=18.2140
[iter 40] timesteps=20480/100000  mean_ep_reward=10.53  n_episodes=908  fps=2  pg_loss=-0.0095  vf_loss=22.2971  mse=[ego_x=0.01236  ego_y=0.03288  ego_vx=0.00660  blindspot_left_rel_vx=0.03080  blindspot_right_rel_vx=0.04267]
[iter 41] timesteps=20992/100000  mean_ep_reward=10.20  n_episodes=948  fps=2  pg_loss=-0.0039  vf_loss=21.1968
[iter 42] timesteps=21504/100000  mean_ep_reward=10.08  n_episodes=986  fps=2  pg_loss=-0.0064  vf_loss=17.9749
[iter 43] timesteps=22016/100000  mean_ep_reward=9.55  n_episodes=1020  fps=2  pg_loss=-0.0061  vf_loss=16.1972
[iter 44] timesteps=22528/100000  mean_ep_reward=10.12  n_episodes=1059  fps=2  pg_loss=-0.0037  vf_loss=18.8340
[iter 45] timesteps=23040/100000  mean_ep_reward=10.59  n_episodes=1089  fps=2  pg_loss=-0.0081  vf_loss=22.2545
[iter 46] timesteps=23552/100000  mean_ep_reward=10.78  n_episodes=1122  fps=2  pg_loss=-0.0133  vf_loss=19.1569
[iter 47] timesteps=24064/100000  mean_ep_reward=11.29  n_episodes=1153  fps=2  pg_loss=-0.0041  vf_loss=18.3284
[iter 48] timesteps=24576/100000  mean_ep_reward=10.71  n_episodes=1188  fps=2  pg_loss=-0.0091  vf_loss=14.9290
[iter 49] timesteps=25088/100000  mean_ep_reward=10.68  n_episodes=1220  fps=2  pg_loss=-0.0032  vf_loss=19.3295
[iter 50] timesteps=25600/100000  mean_ep_reward=10.71  n_episodes=1252  fps=2  pg_loss=-0.0068  vf_loss=19.8001  mse=[ego_x=0.03277  ego_y=0.01373  ego_vx=0.00404  blindspot_left_rel_vx=0.06050  blindspot_right_rel_vx=0.04881]
[iter 51] timesteps=26112/100000  mean_ep_reward=11.41  n_episodes=1279  fps=2  pg_loss=-0.0089  vf_loss=22.7802
[iter 52] timesteps=26624/100000  mean_ep_reward=12.04  n_episodes=1310  fps=2  pg_loss=-0.0129  vf_loss=24.5509
[iter 53] timesteps=27136/100000  mean_ep_reward=12.75  n_episodes=1337  fps=2  pg_loss=-0.0084  vf_loss=23.2562
[iter 54] timesteps=27648/100000  mean_ep_reward=13.30  n_episodes=1359  fps=2  pg_loss=-0.0078  vf_loss=28.8193
[iter 55] timesteps=28160/100000  mean_ep_reward=14.10  n_episodes=1381  fps=2  pg_loss=-0.0110  vf_loss=27.4460
[iter 56] timesteps=28672/100000  mean_ep_reward=14.82  n_episodes=1407  fps=2  pg_loss=-0.0046  vf_loss=28.2927
[iter 57] timesteps=29184/100000  mean_ep_reward=16.20  n_episodes=1425  fps=2  pg_loss=-0.0068  vf_loss=26.3374
[iter 58] timesteps=29696/100000  mean_ep_reward=17.05  n_episodes=1445  fps=2  pg_loss=-0.0005  vf_loss=32.8211
[iter 59] timesteps=30208/100000  mean_ep_reward=17.68  n_episodes=1462  fps=2  pg_loss=-0.0076  vf_loss=30.2865
[iter 60] timesteps=30720/100000  mean_ep_reward=17.83  n_episodes=1482  fps=2  pg_loss=-0.0025  vf_loss=30.6533  mse=[ego_x=0.02547  ego_y=0.01119  ego_vx=0.26922  blindspot_left_rel_vx=0.18984  blindspot_right_rel_vx=0.10249]
[iter 61] timesteps=31232/100000  mean_ep_reward=19.58  n_episodes=1497  fps=2  pg_loss=-0.0010  vf_loss=27.9197
[iter 62] timesteps=31744/100000  mean_ep_reward=20.61  n_episodes=1513  fps=1  pg_loss=-0.0022  vf_loss=29.6687
[iter 63] timesteps=32256/100000  mean_ep_reward=21.26  n_episodes=1527  fps=1  pg_loss=-0.0049  vf_loss=27.0107
[iter 64] timesteps=32768/100000  mean_ep_reward=22.54  n_episodes=1541  fps=1  pg_loss=-0.0024  vf_loss=26.3749
[iter 65] timesteps=33280/100000  mean_ep_reward=22.87  n_episodes=1556  fps=1  pg_loss=-0.0045  vf_loss=25.9869
[iter 66] timesteps=33792/100000  mean_ep_reward=23.47  n_episodes=1574  fps=1  pg_loss=-0.0023  vf_loss=26.2316
[iter 67] timesteps=34304/100000  mean_ep_reward=22.68  n_episodes=1593  fps=0  pg_loss=-0.0067  vf_loss=28.6139
[iter 68] timesteps=34816/100000  mean_ep_reward=22.54  n_episodes=1608  fps=0  pg_loss=-0.0034  vf_loss=2/Users/angelicmcpherson/anaconda3/envs/cenv/lib/python3.11/multiprocessing/resource_tracker.py:254: UserWarning: resource_tracker: There appear to be 3 leaked semaphore objects to clean up at shutdown
  warnings.warn('resource_tracker: There appear to be %d '
 %d '
'
