objc[83946]: Class SDLApplication is implemented in both /Users/angelicmcpherson/anaconda3/envs/cenv/lib/python3.11/site-packages/cv2/.dylibs/libSDL2-2.0.0.dylib (0x129cc8890) and /Users/angelicmcpherson/anaconda3/envs/cenv/lib/python3.11/site-packages/pygame/.dylibs/libSDL2-2.0.0.dylib (0x12cc612c8). This may cause spurious casting failures and mysterious crashes. One of the duplicates must be removed or renamed.
objc[83946]: Class SDLAppDelegate is implemented in both /Users/angelicmcpherson/anaconda3/envs/cenv/lib/python3.11/site-packages/cv2/.dylibs/libSDL2-2.0.0.dylib (0x129cc88e0) and /Users/angelicmcpherson/anaconda3/envs/cenv/lib/python3.11/site-packages/pygame/.dylibs/libSDL2-2.0.0.dylib (0x12cc61318). This may cause spurious casting failures and mysterious crashes. One of the duplicates must be removed or renamed.
objc[83946]: Class SDLTranslatorResponder is implemented in both /Users/angelicmcpherson/anaconda3/envs/cenv/lib/python3.11/site-packages/cv2/.dylibs/libSDL2-2.0.0.dylib (0x129cc8958) and /Users/angelicmcpherson/anaconda3/envs/cenv/lib/python3.11/site-packages/pygame/.dylibs/libSDL2-2.0.0.dylib (0x12cc61390). This may cause spurious casting failures and mysterious crashes. One of the duplicates must be removed or renamed.
objc[83946]: Class SDLMessageBoxPresenter is implemented in both /Users/angelicmcpherson/anaconda3/envs/cenv/lib/python3.11/site-packages/cv2/.dylibs/libSDL2-2.0.0.dylib (0x129cc8980) and /Users/angelicmcpherson/anaconda3/envs/cenv/lib/python3.11/site-packages/pygame/.dylibs/libSDL2-2.0.0.dylib (0x12cc613b8). This may cause spurious casting failures and mysterious crashes. One of the duplicates must be removed or renamed.
objc[83946]: Class SDL_cocoametalview is implemented in both /Users/angelicmcpherson/anaconda3/envs/cenv/lib/python3.11/site-packages/cv2/.dylibs/libSDL2-2.0.0.dylib (0x129cc89d0) and /Users/angelicmcpherson/anaconda3/envs/cenv/lib/python3.11/site-packages/pygame/.dylibs/libSDL2-2.0.0.dylib (0x12cc61408). This may cause spurious casting failures and mysterious crashes. One of the duplicates must be removed or renamed.
objc[83946]: Class SDLOpenGLContext is implemented in both /Users/angelicmcpherson/anaconda3/envs/cenv/lib/python3.11/site-packages/cv2/.dylibs/libSDL2-2.0.0.dylib (0x129cc8a20) and /Users/angelicmcpherson/anaconda3/envs/cenv/lib/python3.11/site-packages/pygame/.dylibs/libSDL2-2.0.0.dylib (0x12cc61458). This may cause spurious casting failures and mysterious crashes. One of the duplicates must be removed or renamed.
objc[83946]: Class SDL_ShapeData is implemented in both /Users/angelicmcpherson/anaconda3/envs/cenv/lib/python3.11/site-packages/cv2/.dylibs/libSDL2-2.0.0.dylib (0x129cc8a98) and /Users/angelicmcpherson/anaconda3/envs/cenv/lib/python3.11/site-packages/pygame/.dylibs/libSDL2-2.0.0.dylib (0x12cc614d0). This may cause spurious casting failures and mysterious crashes. One of the duplicates must be removed or renamed.
objc[83946]: Class SDL_CocoaClosure is implemented in both /Users/angelicmcpherson/anaconda3/envs/cenv/lib/python3.11/site-packages/cv2/.dylibs/libSDL2-2.0.0.dylib (0x129cc8ae8) and /Users/angelicmcpherson/anaconda3/envs/cenv/lib/python3.11/site-packages/pygame/.dylibs/libSDL2-2.0.0.dylib (0x12cc61520). This may cause spurious casting failures and mysterious crashes. One of the duplicates must be removed or renamed.
objc[83946]: Class SDL_VideoData is implemented in both /Users/angelicmcpherson/anaconda3/envs/cenv/lib/python3.11/site-packages/cv2/.dylibs/libSDL2-2.0.0.dylib (0x129cc8b38) and /Users/angelicmcpherson/anaconda3/envs/cenv/lib/python3.11/site-packages/pygame/.dylibs/libSDL2-2.0.0.dylib (0x12cc61570). This may cause spurious casting failures and mysterious crashes. One of the duplicates must be removed or renamed.
objc[83946]: Class SDL_WindowData is implemented in both /Users/angelicmcpherson/anaconda3/envs/cenv/lib/python3.11/site-packages/cv2/.dylibs/libSDL2-2.0.0.dylib (0x129cc8b88) and /Users/angelicmcpherson/anaconda3/envs/cenv/lib/python3.11/site-packages/pygame/.dylibs/libSDL2-2.0.0.dylib (0x12cc615c0). This may cause spurious casting failures and mysterious crashes. One of the duplicates must be removed or renamed.
objc[83946]: Class SDLWindow is implemented in both /Users/angelicmcpherson/anaconda3/envs/cenv/lib/python3.11/site-packages/cv2/.dylibs/libSDL2-2.0.0.dylib (0x129cc8bb0) and /Users/angelicmcpherson/anaconda3/envs/cenv/lib/python3.11/site-packages/pygame/.dylibs/libSDL2-2.0.0.dylib (0x12cc615e8). This may cause spurious casting failures and mysterious crashes. One of the duplicates must be removed or renamed.
objc[83946]: Class Cocoa_WindowListener is implemented in both /Users/angelicmcpherson/anaconda3/envs/cenv/lib/python3.11/site-packages/cv2/.dylibs/libSDL2-2.0.0.dylib (0x129cc8bd8) and /Users/angelicmcpherson/anaconda3/envs/cenv/lib/python3.11/site-packages/pygame/.dylibs/libSDL2-2.0.0.dylib (0x12cc61610). This may cause spurious casting failures and mysterious crashes. One of the duplicates must be removed or renamed.
objc[83946]: Class SDLView is implemented in both /Users/angelicmcpherson/anaconda3/envs/cenv/lib/python3.11/site-packages/cv2/.dylibs/libSDL2-2.0.0.dylib (0x129cc8c50) and /Users/angelicmcpherson/anaconda3/envs/cenv/lib/python3.11/site-packages/pygame/.dylibs/libSDL2-2.0.0.dylib (0x12cc61688). This may cause spurious casting failures and mysterious crashes. One of the duplicates must be removed or renamed.
objc[83946]: Class METAL_RenderData is implemented in both /Users/angelicmcpherson/anaconda3/envs/cenv/lib/python3.11/site-packages/cv2/.dylibs/libSDL2-2.0.0.dylib (0x129cc8cc8) and /Users/angelicmcpherson/anaconda3/envs/cenv/lib/python3.11/site-packages/pygame/.dylibs/libSDL2-2.0.0.dylib (0x12cc61700). This may cause spurious casting failures and mysterious crashes. One of the duplicates must be removed or renamed.
objc[83946]: Class METAL_TextureData is implemented in both /Users/angelicmcpherson/anaconda3/envs/cenv/lib/python3.11/site-packages/cv2/.dylibs/libSDL2-2.0.0.dylib (0x129cc8d18) and /Users/angelicmcpherson/anaconda3/envs/cenv/lib/python3.11/site-packages/pygame/.dylibs/libSDL2-2.0.0.dylib (0x12cc61750). This may cause spurious casting failures and mysterious crashes. One of the duplicates must be removed or renamed.
objc[83946]: Class SDL_RumbleMotor is implemented in both /Users/angelicmcpherson/anaconda3/envs/cenv/lib/python3.11/site-packages/cv2/.dylibs/libSDL2-2.0.0.dylib (0x129cc8d40) and /Users/angelicmcpherson/anaconda3/envs/cenv/lib/python3.11/site-packages/pygame/.dylibs/libSDL2-2.0.0.dylib (0x12cc61778). This may cause spurious casting failures and mysterious crashes. One of the duplicates must be removed or renamed.
objc[83946]: Class SDL_RumbleContext is implemented in both /Users/angelicmcpherson/anaconda3/envs/cenv/lib/python3.11/site-packages/cv2/.dylibs/libSDL2-2.0.0.dylib (0x129cc8d90) and /Users/angelicmcpherson/anaconda3/envs/cenv/lib/python3.11/site-packages/pygame/.dylibs/libSDL2-2.0.0.dylib (0x12cc617c8). This may cause spurious casting failures and mysterious crashes. One of the duplicates must be removed or renamed.
/Users/angelicmcpherson/anaconda3/envs/cenv/lib/python3.11/site-packages/pygame/pkgdata.py:25: UserWarning: pkg_resources is deprecated as an API. See https://setuptools.pypa.io/en/latest/pkg_resources.html. The pkg_resources package is slated for removal as early as 2025-11-30. Refrain from using this package or pin to Setuptools<81.
  from pkg_resources import resource_stream, resource_exists
[train] concept_net=none  temporal=none  supervision=queried  freeze_concept=False  env=highway_state  seed=42
[train] output → results/highway_state/none_highway_state_seed42
objc[83972]: Class SDLApplication is implemented in both /Users/angelicmcpherson/anaconda3/envs/cenv/lib/python3.11/site-packages/cv2/.dylibs/libSDL2-2.0.0.dylib (0x128760890) and /Users/angelicmcpherson/anaconda3/envs/cenv/lib/python3.11/site-packages/pygame/.dylibs/libSDL2-2.0.0.dylib (0x12a0cd2c8). This may cause spurious casting failures and mysterious crashes. One of the duplicates must be removed or renamed.
objc[83972]: Class SDLAppDelegate is implemented in both /Users/angelicmcpherson/anaconda3/envs/cenv/lib/python3.11/site-packages/cv2/.dylibs/libSDL2-2.0.0.dylib (0x1287608e0) and /Users/angelicmcpherson/anaconda3/envs/cenv/lib/python3.11/site-packages/pygame/.dylibs/libSDL2-2.0.0.dylib (0x12a0cd318). This may cause spurious casting failures and mysterious crashes. One of the duplicates must be removed or renamed.
objc[83972]: Class SDLTranslatorResponder is implemented in both /Users/angelicmcpherson/anaconda3/envs/cenv/lib/python3.11/site-packages/cv2/.dylibs/libSDL2-2.0.0.dylib (0x128760958) and /Users/angelicmcpherson/anaconda3/envs/cenv/lib/python3.11/site-packages/pygame/.dylibs/libSDL2-2.0.0.dylib (0x12a0cd390). This may cause spurious casting failures and mysterious crashes. One of the duplicates must be removed or renamed.
objc[83972]: Class SDLMessageBoxPresenter is implemented in both /Users/angelicmcpherson/anaconda3/envs/cenv/lib/python3.11/site-packages/cv2/.dylibs/libSDL2-2.0.0.dylib (0x128760980) and /Users/angelicmcpherson/anaconda3/envs/cenv/lib/python3.11/site-packages/pygame/.dylibs/libSDL2-2.0.0.dylib (0x12a0cd3b8). This may cause spurious casting failures and mysterious crashes. One of the duplicates must be removed or renamed.
objc[83972]: Class SDL_cocoametalview is implemented in both /Users/angelicmcpherson/anaconda3/envs/cenv/lib/python3.11/site-packages/cv2/.dylibs/libSDL2-2.0.0.dylib (0x1287609d0) and /Users/angelicmcpherson/anaconda3/envs/cenv/lib/python3.11/site-packages/pygame/.dylibs/libSDL2-2.0.0.dylib (0x12a0cd408). This may cause spurious casting failures and mysterious crashes. One of the duplicates must be removed or renamed.
objc[83972]: Class SDLOpenGLContext is implemented in both /Users/angelicmcpherson/anaconda3/envs/cenv/lib/python3.11/site-packages/cv2/.dylibs/libSDL2-2.0.0.dylib (0x128760a20) and /Users/angelicmcpherson/anaconda3/envs/cenv/lib/python3.11/site-packages/pygame/.dylibs/libSDL2-2.0.0.dylib (0x12a0cd458). This may cause spurious casting failures and mysterious crashes. One of the duplicates must be removed or renamed.
objc[83972]: Class SDL_ShapeData is implemented in both /Users/angelicmcpherson/anaconda3/envs/cenv/lib/python3.11/site-packages/cv2/.dylibs/libSDL2-2.0.0.dylib (0x128760a98) and /Users/angelicmcpherson/anaconda3/envs/cenv/lib/python3.11/site-packages/pygame/.dylibs/libSDL2-2.0.0.dylib (0x12a0cd4d0). This may cause spurious casting failures and mysterious crashes. One of the duplicates must be removed or renamed.
objc[83972]: Class SDL_CocoaClosure is implemented in both /Users/angelicmcpherson/anaconda3/envs/cenv/lib/python3.11/site-packages/cv2/.dylibs/libSDL2-2.0.0.dylib (0x128760ae8) and /Users/angelicmcpherson/anaconda3/envs/cenv/lib/python3.11/site-packages/pygame/.dylibs/libSDL2-2.0.0.dylib (0x12a0cd520). This may cause spurious casting failures and mysterious crashes. One of the duplicates must be removed or renamed.
objc[83972]: Class SDL_VideoData is implemented in both /Users/angelicmcpherson/anaconda3/envs/cenv/lib/python3.11/site-packages/cv2/.dylibs/libSDL2-2.0.0.dylib (0x128760b38) and /Users/angelicmcpherson/anaconda3/envs/cenv/lib/python3.11/site-packages/pygame/.dylibs/libSDL2-2.0.0.dylib (0x12a0cd570). This may cause spurious casting failures and mysterious crashes. One of the duplicates must be removed or renamed.
objc[83972]: Class SDL_WindowData is implemented in both /Users/angelicmcpherson/anaconda3/envs/cenv/lib/python3.11/site-packages/cv2/.dylibs/libSDL2-2.0.0.dylib (0x128760b88) and /Users/angelicmcpherson/anaconda3/envs/cenv/lib/python3.11/site-packages/pygame/.dylibs/libSDL2-2.0.0.dylib (0x12a0cd5c0). This may cause spurious casting failures and mysterious crashes. One of the duplicates must be removed or renamed.
objc[83972]: Class SDLWindow is implemented in both /Users/angelicmcpherson/anaconda3/envs/cenv/lib/python3.11/site-packages/cv2/.dylibs/libSDL2-2.0.0.dylib (0x128760bb0) and /Users/angelicmcpherson/anaconda3/envs/cenv/lib/python3.11/site-packages/pygame/.dylibs/libSDL2-2.0.0.dylib (0x12a0cd5e8). This may cause spurious casting failures and mysterious crashes. One of the duplicates must be removed or renamed.
objc[83972]: Class Cocoa_WindowListener is implemented in both /Users/angelicmcpherson/anaconda3/envs/cenv/lib/python3.11/site-packages/cv2/.dylibs/libSDL2-2.0.0.dylib (0x128760bd8) and /Users/angelicmcpherson/anaconda3/envs/cenv/lib/python3.11/site-packages/pygame/.dylibs/libSDL2-2.0.0.dylib (0x12a0cd610). This may cause spurious casting failures and mysterious crashes. One of the duplicates must be removed or renamed.
objc[83972]: Class SDLView is implemented in both /Users/angelicmcpherson/anaconda3/envs/cenv/lib/python3.11/site-packages/cv2/.dylibs/libSDL2-2.0.0.dylib (0x128760c50) and /Users/angelicmcpherson/anaconda3/envs/cenv/lib/python3.11/site-packages/pygame/.dylibs/libSDL2-2.0.0.dylib (0x12a0cd688). This may cause spurious casting failures and mysterious crashes. One of the duplicates must be removed or renamed.
objc[83972]: Class METAL_RenderData is implemented in both /Users/angelicmcpherson/anaconda3/envs/cenv/lib/python3.11/site-packages/cv2/.dylibs/libSDL2-2.0.0.dylib (0x128760cc8) and /Users/angelicmcpherson/anaconda3/envs/cenv/lib/python3.11/site-packages/pygame/.dylibs/libSDL2-2.0.0.dylib (0x12a0cd700). This may cause spurious casting failures and mysterious crashes. One of the duplicates must be removed or renamed.
objc[83972]: Class METAL_TextureData is implemented in both /Users/angelicmcpherson/anaconda3/envs/cenv/lib/python3.11/site-packages/cv2/.dylibs/libSDL2-2.0.0.dylib (0x128760d18) and /Users/angelicmcpherson/anaconda3/envs/cenv/lib/python3.11/site-packages/pygame/.dylibs/libSDL2-2.0.0.dylib (0x12a0cd750). This may cause spurious casting failures and mysterious crashes. One of the duplicates must be removed or renamed.
objc[83972]: Class SDL_RumbleMotor is implemented in both /Users/angelicmcpherson/anaconda3/envs/cenv/lib/python3.11/site-packages/cv2/.dylibs/libSDL2-2.0.0.dylib (0x128760d40) and /Users/angelicmcpherson/anaconda3/envs/cenv/lib/python3.11/site-packages/pygame/.dylibs/libSDL2-2.0.0.dylib (0x12a0cd778). This may cause spurious casting failures and mysterious crashes. One of the duplicates must be removed or renamed.
objc[83972]: Class SDL_RumbleContext is implemented in both /Users/angelicmcpherson/anaconda3/envs/cenv/lib/python3.11/site-packages/cv2/.dylibs/libSDL2-2.0.0.dylib (0x128760d90) and /Users/angelicmcpherson/anaconda3/envs/cenv/lib/python3.11/site-packages/pygame/.dylibs/libSDL2-2.0.0.dylib (0x12a0cd7c8). This may cause spurious casting failures and mysterious crashes. One of the duplicates must be removed or renamed.
/Users/angelicmcpherson/anaconda3/envs/cenv/lib/python3.11/site-packages/pygame/pkgdata.py:25: UserWarning: pkg_resources is deprecated as an API. See https://setuptools.pypa.io/en/latest/pkg_resources.html. The pkg_resources package is slated for removal as early as 2025-11-30. Refrain from using this package or pin to Setuptools<81.
  from pkg_resources import resource_stream, resource_exists
[iter 1] timesteps=512/100000  mean_ep_reward=12.22  n_episodes=30  fps=2  pg_loss=-0.0015  vf_loss=44.0631
[iter 2] timesteps=1024/100000  mean_ep_reward=10.55  n_episodes=69  fps=3  pg_loss=-0.0044  vf_loss=33.3478
[iter 3] timesteps=1536/100000  mean_ep_reward=10.51  n_episodes=103  fps=2  pg_loss=-0.0093  vf_loss=26.0684
[iter 4] timesteps=2048/100000  mean_ep_reward=10.62  n_episodes=131  fps=3  pg_loss=-0.0083  vf_loss=39.5183
[iter 5] timesteps=2560/100000  mean_ep_reward=12.59  n_episodes=153  fps=2  pg_loss=-0.0094  vf_loss=36.8837
[iter 6] timesteps=3072/100000  mean_ep_reward=13.62  n_episodes=174  fps=2  pg_loss=-0.0057  vf_loss=36.7751
[iter 7] timesteps=3584/100000  mean_ep_reward=16.34  n_episodes=189  fps=2  pg_loss=-0.0099  vf_loss=40.7471
[iter 8] timesteps=4096/100000  mean_ep_reward=18.20  n_episodes=204  fps=2  pg_loss=-0.0095  vf_loss=36.7978
[iter 9] timesteps=4608/100000  mean_ep_reward=20.04  n_episodes=217  fps=3  pg_loss=-0.0043  vf_loss=36.0456
[iter 10] timesteps=5120/100000  mean_ep_reward=22.12  n_episodes=230  fps=3  pg_loss=-0.0010  vf_loss=36.6562
[iter 11] timesteps=5632/100000  mean_ep_reward=23.24  n_episodes=244  fps=3  pg_loss=-0.0038  vf_loss=35.9333
[iter 12] timesteps=6144/100000  mean_ep_reward=24.21  n_episodes=257  fps=3  pg_loss=-0.0002  vf_loss=34.4277
[iter 13] timesteps=6656/100000  mean_ep_reward=26.45  n_episodes=269  fps=3  pg_loss=-0.0013  vf_loss=34.6362
[iter 14] timesteps=7168/100000  mean_ep_reward=27.00  n_episodes=283  fps=3  pg_loss=-0.0048  vf_loss=33.3618
[iter 15] timesteps=7680/100000  mean_ep_reward=26.79  n_episodes=297  fps=3  pg_loss=-0.0008  vf_loss=32.0484
[iter 16] timesteps=8192/100000  mean_ep_reward=26.97  n_episodes=310  fps=3  pg_loss=-0.0015  vf_loss=32.2564
[iter 17] timesteps=8704/100000  mean_ep_reward=26.87  n_episodes=323  fps=3  pg_loss=-0.0005  vf_loss=34.6294
[iter 18] timesteps=9216/100000  mean_ep_reward=27.42  n_episodes=336  fps=3  pg_loss=-0.0012  vf_loss=33.4995
[iter 19] timesteps=9728/100000  mean_ep_reward=27.35  n_episodes=349  fps=3  pg_loss=-0.0067  vf_loss=34.4554
[iter 20] timesteps=10240/100000  mean_ep_reward=27.35  n_episodes=362  fps=3  pg_loss=-0.0036  vf_loss=34.0364
[iter 21] timesteps=10752/100000  mean_ep_reward=27.11  n_episodes=375  fps=3  pg_loss=-0.0020  vf_loss=34.4473
[iter 22] timesteps=11264/100000  mean_ep_reward=27.12  n_episodes=389  fps=3  pg_loss=-0.0054  vf_loss=35.1480
[iter 23] timesteps=11776/100000  mean_ep_reward=27.27  n_episodes=402  fps=3  pg_loss=-0.0024  vf_loss=34.7425
[iter 24] timesteps=12288/100000  mean_ep_reward=27.10  n_episodes=415  fps=3  pg_loss=-0.0033  vf_loss=36.8252
[iter 25] timesteps=12800/100000  mean_ep_reward=27.22  n_episodes=428  fps=3  pg_loss=-0.0008  vf_loss=37.2089
[iter 26] timesteps=13312/100000  mean_ep_reward=27.16  n_episodes=441  fps=3  pg_loss=-0.0034  vf_loss=37.3539
[iter 27] timesteps=13824/100000  mean_ep_reward=27.41  n_episodes=453  fps=3  pg_loss=0.0003  vf_loss=38.4974
[iter 28] timesteps=14336/100000  mean_ep_reward=27.36  n_episodes=466  fps=3  pg_loss=-0.0031  vf_loss=39.7238
[iter 29] timesteps=14848/100000  mean_ep_reward=27.53  n_episodes=479  fps=3  pg_loss=-0.0043  vf_loss=40.6560
[iter 30] timesteps=15360/100000  mean_ep_reward=27.82  n_episodes=492  fps=3  pg_loss=-0.0054  vf_loss=40.0654
[iter 31] timesteps=15872/100000  mean_ep_reward=27.99  n_episodes=504  fps=3  pg_loss=-0.0012  vf_loss=40.0675
[iter 32] timesteps=16384/100000  mean_ep_reward=28.23  n_episodes=517  fps=3  pg_loss=-0.0018  vf_loss=42.4223
[iter 33] timesteps=16896/100000  mean_ep_reward=28.15  n_episodes=531  fps=3  pg_loss=-0.0020  vf_loss=44.3084
[iter 34] timesteps=17408/100000  mean_ep_reward=27.83  n_episodes=545  fps=3  pg_loss=-0.0033  vf_loss=43.9858
[iter 35] timesteps=17920/100000  mean_ep_reward=27.44  n_episodes=558  fps=3  pg_loss=-0.0003  vf_loss=43.2420
[iter 36] timesteps=18432/100000  mean_ep_reward=27.04  n_episodes=573  fps=3  pg_loss=-0.0032  vf_loss=45.0354
[iter 37] timesteps=18944/100000  mean_ep_reward=26.67  n_episodes=586  fps=3  pg_loss=-0.0022  vf_loss=42.2381
[iter 38] timesteps=19456/100000  mean_ep_reward=26.00  n_episodes=602  fps=3  pg_loss=-0.0034  vf_loss=45.3853
[iter 39] timesteps=19968/100000  mean_ep_reward=26.05  n_episodes=614  fps=3  pg_loss=-0.0029  vf_loss=40.4863
[iter 40] timesteps=20480/100000  mean_ep_reward=26.19  n_episodes=627  fps=3  pg_loss=-0.0042  vf_loss=42.8528
[iter 41] timesteps=20992/100000  mean_ep_reward=26.32  n_episodes=641  fps=3  pg_loss=-0.0040  vf_loss=42.3650
[iter 42] timesteps=21504/100000  mean_ep_reward=25.97  n_episodes=655  fps=3  pg_loss=-0.0006  vf_loss=43.5883
[iter 43] timesteps=22016/100000  mean_ep_reward=26.10  n_episodes=669  fps=3  pg_loss=0.0000  vf_loss=43.9425
[iter 44] timesteps=22528/100000  mean_ep_reward=26.46  n_episodes=683  fps=3  pg_loss=-0.0027  vf_loss=43.1968
[iter 45] timesteps=23040/100000  mean_ep_reward=26.59  n_episodes=696  fps=3  pg_loss=-0.0030  vf_loss=40.7618
[iter 46] timesteps=23552/100000  mean_ep_reward=27.14  n_episodes=708  fps=3  pg_loss=-0.0006  vf_loss=41.9187
[iter 47] timesteps=24064/100000  mean_ep_reward=26.80  n_episodes=722  fps=3  pg_loss=-0.0014  vf_loss=43.6757
[iter 48] timesteps=24576/100000  mean_ep_reward=27.06  n_episodes=735  fps=3  pg_loss=-0.0016  vf_loss=42.2592
[iter 49] timesteps=25088/100000  mean_ep_reward=27.23  n_episodes=748  fps=3  pg_loss=-0.0024  vf_loss=42.7010
[iter 50] timesteps=25600/100000  mean_ep_reward=27.15  n_episodes=762  fps=3  pg_loss=-0.0016  vf_loss=44.3704
[iter 51] timesteps=26112/100000  mean_ep_reward=27.25  n_episodes=777  fps=3  pg_loss=-0.0020  vf_loss=44.7844
[iter 52] timesteps=26624/100000  mean_ep_reward=26.71  n_episodes=791  fps=3  pg_loss=-0.0071  vf_loss=43.4866
[iter 53] timesteps=27136/100000  mean_ep_reward=26.47  n_episodes=804  fps=3  pg_loss=-0.0027  vf_loss=42.1482
[iter 54] timesteps=27648/100000  mean_ep_reward=26.50  n_episodes=818  fps=3  pg_loss=-0.0002  vf_loss=43.2522
[iter 55] timesteps=28160/100000  mean_ep_reward=26.20  n_episodes=832  fps=3  pg_loss=-0.0003  vf_loss=42.8306
[iter 56] timesteps=28672/100000  mean_ep_reward=25.83  n_episodes=846  fps=3  pg_loss=-0.0037  vf_loss=43.6722
[iter 57] timesteps=29184/100000  mean_ep_reward=25.81  n_episodes=860  fps=3  pg_loss=-0.0027  vf_loss=41.9028
[iter 58] timesteps=29696/100000  mean_ep_reward=25.99  n_episodes=874  fps=3  pg_loss=-0.0004  vf_loss=41.5372
[iter 59] timesteps=30208/100000  mean_ep_reward=26.41  n_episodes=887  fps=3  pg_loss=-0.0025  vf_loss=41.8625
[iter 60] timesteps=30720/100000  mean_ep_reward=26.54  n_episodes=900  fps=3  pg_loss=-0.0025  vf_loss=40.6907
[iter 61] timesteps=31232/100000  mean_ep_reward=26.60  n_episodes=913  fps=3  pg_loss=-0.0056  vf_loss=42.5469
[iter 62] timesteps=31744/100000  mean_ep_reward=26.55  n_episodes=926  fps=3  pg_loss=-0.0020  vf_loss=41.0800
[iter 63] timesteps=32256/100000  mean_ep_reward=26.93  n_episodes=940  fps=3  pg_loss=-0.0010  vf_loss=43.2083
[iter 64] timesteps=32768/100000  mean_ep_reward=26.89  n_episodes=953  fps=2  pg_loss=-0.0002  vf_loss=40.5303
[iter 65] timesteps=33280/100000  mean_ep_reward=26.83  n_episodes=967  fps=2  pg_loss=-0.0014  vf_loss=41.5307
[iter 66] timesteps=33792/100000  mean_ep_reward=27.15  n_episodes=979  fps=1  pg_loss=-0.0017  vf_loss=38.9664
[iter 67] timesteps=34304/100000  mean_ep_reward=26.87  n_episodes=993  fps=1  pg_loss=-0.0020  vf_loss=42.8063
[iter 68] timesteps=34816/100000  mean_ep_reward=26.70  n_episodes=1006  fps=1  pg_loss=-0.0033  vf_loss=41.4853
[iter 69] timesteps=35328/100000  mean_ep_reward=26.96  n_episodes=1019  fps=1  pg_loss=-0.0012  vf_loss=41.0531
[iter 70] timesteps=35840/100000  mean_ep_reward=27.31  n_episodes=1031  fps=1  pg_loss=-0.0008  vf_loss=39.4842
[iter 71] timesteps=36352/100000  mean_ep_reward=27.42  n_episodes=1044  fps=1  pg_loss=0.0001  vf_loss=41.3074
[iter 72] timesteps=36864/100000  mean_ep_reward=27.86  n_episodes=1056  fps=0  pg_loss=-0.0006  vf_loss=40.5024
[iter 73] timesteps=37376/100000  mean_ep_reward=27.84  n_episodes=1070  fps=0  pg_loss=-0.0019  vf_loss=44.1571
[iter 74] timesteps=37888/100000  mean_ep_reward=27.53  n_episodes=1083  fps=0  pg_loss=-0.0002  vf_loss=41./User/Users/angelicmcpherson/anaconda3/envs/cenv/lib/python3.11/multiprocessing/resource_tracker.py:254: UserWarning: resource_tracker: There appear to be 3 leaked semaphore objects to clean up at shutdown
  warnings.warn('resource_tracker: There appear to be %d '
